1. Просмотреть содержимое директорий /etc, /proc, /home. Посмотреть пару произвольных файлов в /etc.
ls -la /home

cat /etc/sysctl.conf
cat /etc/magic

2. Выяснить, для чего предназначена команда cat. Используя данную команду, создайте два файла с данными, а затем объедините их в один. Просмотрите содержимое созданного файла. Переименуйте файл, дав ему новое имя.

cat - для вывода данных на экран, и для управления потоками.
hlbu@hlbu-ubuntu:~$ mkdir temp222
touch file{1..2}.txt
или cat > file1.txt
    cat > file2.txt

 echo 'hello' > file1.txt
 echo 'world' > file2.txt
по идее хотел сделать так: cat /temp222/file1.txt >>file2.txt
пишет(cat: /temp222/file1.txt: No such file or directory)


переименование:
hlbu@hlbu-ubuntu:~/temp222$ mv file3.txt newf 

3. Создать несколько файлов. Создайте директорию, переместите файл туда. Удалите все созданные в этом и предыдущем задании директории и файлы.
1)hlbu@hlbu-ubuntu:~/qwerty$ touch file{1..5}.txt
2)hlbu@hlbu-ubuntu:~/qwerty$ mkdir qwe
3) hlbu@hlbu-ubuntu:~/qwerty$ mv file*.txt ~/qwe/
4)hlbu@hlbu-ubuntu:~$ rm -r qwerty


4. В ОС Linux скрытыми файлами считаются те, имена которых начинаются с символа “.”. Сколько скрытых файлов в вашем домашнем каталоге? (Использовать конвейер. Подсказка: для подсчета количества строк можно использовать wc).

hlbu@hlbu-ubuntu:~$ ls -la /home/ | egrep ^. | wc
      4      29     157


5. Попробовать вывести с помощью cat все файлы в директории /etc. Направить ошибки в отдельный файл в вашей домашней директории. Сколько файлов, которые не удалось посмотреть, оказалось в списке?

 hlbu@hlbu-ubuntu:~$ cat /etc/*.*
hlbu@hlbu-ubuntu:~$ grep hlbu /etc/* 2> error.txt

hlbu@hlbu-ubuntu:~$ grep hlbu /etc/* 2> error.txt | wc
     23      29     853


6. Запустить в одном терминале программу, в другом терминале посмотреть PID процесса и остановить с помощью kill, посылая разные типы сигналов. Что происходит?

не понял как делать


7. *Отобразить в /dev список устройств, которые в настоящее время используются вашим UID (для этого используется команда lsof). Организовать конвейер через less, чтобы посмотреть их должным образом.
8. *Cоздайте директорию для хранения фотографий, в ней должны быть директории по годам, (например, за последние 5 лет), и в каждой директории года по директории для месяца.
9. *Заполните директории файлами вида ГГГГММДДНН.txt. Внутри файла должно быть имя файла. Например 2018011301.txt, 2018011302.txt.
10. * Полезное задание на конвейер. Использовать команду cut на вывод длинного списка каталога, чтобы отобразить только права доступа к файлам. Затем отправить в конвейере этот вывод на sort и uniq, чтобы отфильтровать все повторяющиеся строки. Потом с помощью wc посчитать различные типы разрешений в этом каталоге. Самостоятельно решить задачу, как сделать так, чтобы в подсчет не добавлялись строка Итого и файлы . и .. (ссылки на текущую и родительскую директории)
